install genie
testbedfile create
start adhoc genie

go for pyats tests with genie

# start with pyats genie

python3 -m venv .
source bin/activate
:
pip insatll pyATS[library]
git clone https://github.com/CiscoTestAutomation/examples

# to create testbed file automatically for you
# do it one by one or altogether user choice
pip3 install xlrd xlwt xlsxwriter

# create your testbed file dynamically
genie create testbed --output yaml/testbed.yml --encode-password

or

genie create testbed file --path parameter.csv --output testbed.yml --encode-password

#keep below parameters in csv file source
#device vars connectivity details in csv file 

ip 172.16.254.60
hostname BGL_KTK_1AC_CASR920R01
connection ssh
username cisco
password nso123

# use your git skills

git remote add
git usename
git mail
git clone
git push
git pull
git checkout
git branch
git add 
git commit -m "your comment"
git diff
git log
git show _logID_

## issue i faced while creating testbed.yml file dynamically

root@2f5cc7c57d52:/var/opt/devNet/devAsc/genieWork/myjob# genie create testbed file --path parameter.csv --output testbed.yml

please make sure pyats.contrib is installed. If not, please do 'pip install pyats.contrib'.

invalid option: file

root@2f5cc7c57d52:/var/opt/devNet/devAsc/genieWork/myjob# genie create testbed file --path parameter.csv --output testbed.yml --encode-password

please make sure pyats.contrib is installed. If not, please do 'pip install pyats.contrib'.

invalid option: file

root@2f5cc7c57d52:/var/opt/devNet/devAsc/genieWork/myjob# pip install pyats.contrib
-bash: pip: command not found
root@2f5cc7c57d52:/var/opt/devNet/devAsc/genieWork/myjob# pip3 install pyats.contrib
Collecting pyats.contrib



root@2f5cc7c57d52:/var/opt/devNet/devAsc/genieWork/myjob# genie create testbed file --path parameter.csv --output testbed.yml --encode-password

'Empty line found in given CSV/Excel file.'

root@2f5cc7c57d52:/var/opt/devNet/devAsc/genieWork/myjob# vim parameter.csv
root@2f5cc7c57d52:/var/opt/devNet/devAsc/genieWork/myjob#
root@2f5cc7c57d52:/var/opt/devNet/devAsc/genieWork/myjob# genie create testbed file --path parameter.csv --output testbed.yml --encode-password
Testbed file generated:
parameter.csv -> testbed.yml


root@2f5cc7c57d52:/var/opt/devNet/devAsc/genieWork/myjob# vim testbed.yml
devices:
  BGL_KTK_1AC_CASR920R01:
    connections:
      cli:
        ip: 172.16.254.60
        protocol: ssh
    credentials:
      default:
        password: '%ENC{w57DrMOQwqXCpcKS}'
        username: cisco
      enable:
        password: '%ENC{w57DrMOQwqXCpcKS}'
    os: iosxe
    type: iosxe



# ping was not working so i added

apt install iputils-ping



genie parse "show interfaces" --testbed-file testbed.yml --devices CHN_CASR920_2 --output demo1
genie parse "show interfaces" --testbed-file testbed.yml --devices CHN_CASR920_2 --output demo2
genie diff demo1 demo2

# you can use learn etc
